{'firstname': 'Jacob', 'lastname': 'Redford', 'totalprice': 1350, 'depositpaid': True, 'bookingdates': {'checkin': '2024-01-15', 'checkout': '2024-01-17'}, 'additionalneeds': 'Breakfast'}
